// Jest Snapshot v1, https://goo.gl/fbAQLP

exports[`elements/Title test should have prop className title h2 1`] = `
<styled.h1>
  Heading
</styled.h1>
`;

exports[`elements/Title test should render H1 without throwing an error 1`] = `
<styled.h1>
  Heading
</styled.h1>
`;
