// Jest Snapshot v1, https://goo.gl/fbAQLP

exports[`App test should render without throwing an error 1`] = `
<div
  className="app"
>
  <Header />
  <SocialLinks />
  <Footer />
</div>
`;
