// Jest Snapshot v1, https://goo.gl/fbAQLP

exports[`components/Footer test should render without throwing an error 1`] = `
<div
  className="footer"
>
  <div
    className="cell"
  >
    Martins Giberts Â© 2017
  </div>
</div>
`;
